
> seo-scanner-frontend@0.1.0 build
> next build

Γû▓ Next.js 16.1.7 (Turbopack)
- Environments: .env.local

  Creating an optimized production build ...
Γ£ô Compiled successfully in 14.1s
  Running TypeScript ...
  Collecting page data using 7 workers ...
  Generating static pages using 7 workers (0/40) ...
  Generating static pages using 7 workers (10/40) 
  Generating static pages using 7 workers (20/40) 
  Generating static pages using 7 workers (30/40) 
Γ£ô Generating static pages using 7 workers (40/40) in 1029.4ms
  Finalizing page optimization ...

Route (app)
Γöî Γùï /
Γö£ Γùï /_not-found
Γö£ Γùï /bantuan
Γö£ Γùï /blog
Γö£ ╞Æ /blog/[slug]
Γö£ Γùï /blog/agencies
Γö£ Γùï /blog/cara-riset-keyword-ai
Γö£ Γùï /blog/ecommerce
Γö£ Γùï /blog/panduan-seo-teknikal-2026
Γö£ Γùï /blog/pentingnya-backlink-berkualitas
Γö£ Γùï /changelog
Γö£ Γùï /checklist-seo
Γö£ Γùï /cookies
Γö£ Γùï /dashboard
Γö£ Γùï /dashboard/history
Γö£ Γùï /dashboard/scan
Γö£ Γùï /fitur-agensi
Γö£ Γùï /free-tools
Γö£ ╞Æ /free-tools/[slug]
Γö£ ╞Æ /hasil/[scanId]
Γö£ Γùï /kalkulator-roi
Γö£ Γùï /kebijakan-privasi
Γö£ Γùï /lisensi
Γö£ Γùï /login
Γö£ Γùï /panduan-seo
Γö£ Γùï /pricing
Γö£ Γùï /profile
Γö£ Γùï /projects
Γö£ Γùï /register
Γö£ Γùï /robots.txt
Γö£ Γùï /scan
Γö£ Γùï /seo-tools
Γö£ Γùï /sitemap.xml
Γö£ Γùï /support
Γö£ Γùï /syarat-ketentuan
Γö£ Γùï /use-cases/agency
Γö£ Γùï /use-cases/ecommerce
Γö£ Γùï /use-cases/growth
Γö£ Γùï /use-cases/properti
Γö£ Γùï /use-cases/restoran
Γöö Γùï /use-cases/umkm


╞Æ Proxy (Middleware)

Γùï  (Static)   prerendered as static content
╞Æ  (Dynamic)  server-rendered on demand

